// Jest Snapshot v1, https://goo.gl/fbAQLP

exports[`$PascalBrickName$ should work 1`] = `
<div>
  $CONSTANT_PACKAGE_NAME$
   works!
</div>
`;
