// Jest Snapshot v1, https://goo.gl/fbAQLP

exports[`cook cook(precook("() => {}"), {...}) should throw 1`] = `"Only an \`Expression\` is allowed in \`ArrowFunctionExpression\`'s body, but received: \`() => {}\`"`;

exports[`cook cook(precook("[...DATA]"), {...}) should throw 1`] = `"object is not iterable: \`...DATA\`"`;

exports[`cook cook(precook("[...null]"), {...}) should throw 1`] = `"object is not iterable: \`...null\`"`;

exports[`cook cook(precook("[...undefined]"), {...}) should throw 1`] = `"undefined is not iterable: \`...undefined\`"`;

exports[`cook cook(precook("[1, , 2]"), {...}) should throw 1`] = `"Sparse arrays are not allowed: \`[1, , 2]\`"`;

exports[`cook cook(precook("[undefined].map((i = DATA.number5, DATA) => i)"), {...}) should throw 1`] = `"Cannot access 'DATA' before initialization"`;

exports[`cook cook(precook("[undefined].map((i = j + 1) => i)"), {...}) should throw 1`] = `"j is not defined"`;

exports[`cook cook(precook("[undefined].map((i = j + 1, j) => i)"), {...}) should throw 1`] = `"Cannot access 'j' before initialization"`;

exports[`cook cook(precook("_.reverse([0,1,2])"), {...}) should throw 1`] = `"_.reverse is not a function"`;

exports[`cook cook(precook("DATA.number5 ^ 1"), {...}) should throw 1`] = `"Unsupported binary operator \`^\`: \`DATA.number5 ^ 1\`"`;

exports[`cook cook(precook("DATA.number5()"), {...}) should throw 1`] = `"DATA.number5 is not a function"`;

exports[`cook cook(precook("DATA.number5.toFixed?.().oops()"), {...}) should throw 1`] = `"DATA.number5.toFixed?.().oops is not a function"`;

exports[`cook cook(precook("DATA.number5?.toFixed.oo.ps"), {...}) should throw 1`] = `"Cannot read property 'ps' of undefined"`;

exports[`cook cook(precook("DATA?.()"), {...}) should throw 1`] = `"DATA is not a function"`;

exports[`cook cook(precook("DATA?.number5()"), {...}) should throw 1`] = `"DATA?.number5 is not a function"`;

exports[`cook cook(precook("DATA?.number5.notExisted.oops"), {...}) should throw 1`] = `"Cannot read property 'oops' of undefined"`;

exports[`cook cook(precook("EVENT.detail"), {...}) should throw 1`] = `"EVENT is not defined"`;

exports[`cook cook(precook("Object.assign(DATA, { override: true })"), {...}) should throw 1`] = `"Object.assign is not a function"`;

exports[`cook cook(precook("async () => null"), {...}) should throw 1`] = `"Async function is not allowed, but received: \`async () => null\`"`;

exports[`cook cook(precook("delete DATA.for"), {...}) should throw 1`] = `"Unsupported unary operator \`delete\`: \`delete DATA.for\`"`;

exports[`cook cook(precook("this.bad"), {...}) should throw 1`] = `"Unexpected node type \`ThisExpression\`: \`this\`"`;
